// Jest Snapshot v1, https://goo.gl/fbAQLP

exports[`AccordionItem component User info snapshot 1`] = `
Object {
  "asFragment": [Function],
  "baseElement": <body>
    <div>
      <div
        class="mx-auto p-4 container accordion"
      >
        <div
          class="accordion-item"
        >
          <h2
            class="accordion-header"
          >
            <button
              aria-expanded="false"
              class="accordion-button collapsed"
              type="button"
            >
              Todd
            </button>
          </h2>
          <div
            class="accordion-collapse collapse"
          >
            <div
              class="accordion-body"
            >
              <p>
                First name: 
                Todd
              </p>
              <p>
                Last name: 
                Smith
              </p>
              <p>
                Age: 
                88
              </p>
              <p>
                Gender: 
                Male
              </p>
              <p>
                Country: 
                United States
              </p>
            </div>
          </div>
        </div>
      </div>
    </div>
  </body>,
  "container": <div>
    <div
      class="mx-auto p-4 container accordion"
    >
      <div
        class="accordion-item"
      >
        <h2
          class="accordion-header"
        >
          <button
            aria-expanded="false"
            class="accordion-button collapsed"
            type="button"
          >
            Todd
          </button>
        </h2>
        <div
          class="accordion-collapse collapse"
        >
          <div
            class="accordion-body"
          >
            <p>
              First name: 
              Todd
            </p>
            <p>
              Last name: 
              Smith
            </p>
            <p>
              Age: 
              88
            </p>
            <p>
              Gender: 
              Male
            </p>
            <p>
              Country: 
              United States
            </p>
          </div>
        </div>
      </div>
    </div>
  </div>,
  "debug": [Function],
  "findAllByAltText": [Function],
  "findAllByDisplayValue": [Function],
  "findAllByLabelText": [Function],
  "findAllByPlaceholderText": [Function],
  "findAllByRole": [Function],
  "findAllByTestId": [Function],
  "findAllByText": [Function],
  "findAllByTitle": [Function],
  "findByAltText": [Function],
  "findByDisplayValue": [Function],
  "findByLabelText": [Function],
  "findByPlaceholderText": [Function],
  "findByRole": [Function],
  "findByTestId": [Function],
  "findByText": [Function],
  "findByTitle": [Function],
  "getAllByAltText": [Function],
  "getAllByDisplayValue": [Function],
  "getAllByLabelText": [Function],
  "getAllByPlaceholderText": [Function],
  "getAllByRole": [Function],
  "getAllByTestId": [Function],
  "getAllByText": [Function],
  "getAllByTitle": [Function],
  "getByAltText": [Function],
  "getByDisplayValue": [Function],
  "getByLabelText": [Function],
  "getByPlaceholderText": [Function],
  "getByRole": [Function],
  "getByTestId": [Function],
  "getByText": [Function],
  "getByTitle": [Function],
  "queryAllByAltText": [Function],
  "queryAllByDisplayValue": [Function],
  "queryAllByLabelText": [Function],
  "queryAllByPlaceholderText": [Function],
  "queryAllByRole": [Function],
  "queryAllByTestId": [Function],
  "queryAllByText": [Function],
  "queryAllByTitle": [Function],
  "queryByAltText": [Function],
  "queryByDisplayValue": [Function],
  "queryByLabelText": [Function],
  "queryByPlaceholderText": [Function],
  "queryByRole": [Function],
  "queryByTestId": [Function],
  "queryByText": [Function],
  "queryByTitle": [Function],
  "rerender": [Function],
  "unmount": [Function],
}
`;
